CAN_Driver.c:48:6:CAN_Driver_DebugFreeze	16	static
CAN_Driver.c:64:6:CAN_Driver_Enter_NormalMode	16	static
CAN_Driver.c:75:6:CAN_Driver_Enter_SleepMode	16	static
CAN_Driver.c:90:6:CAN_Driver_Init	24	static
CAN_Driver.c:241:6:CAN_Driver_InitBuffer	24	static
CAN_Driver.c:251:6:CAN_Driver_SetBuffer	32	static
CAN_Driver.c:262:6:CAN_Driver_Enter_InitMode	16	static
CAN_Driver.c:278:6:CAN_Driver_ModeChange	16	static
CAN_Driver.c:283:6:CAN_Driver_ReceiveMessage	16	static
CAN_Driver.c:328:6:CAN_Driver_Reset	16	static
CAN_Driver.c:334:6:CAN_Driver_SendMessage	16	static
CAN_Driver.c:389:6:CAN_Driver_SetFilter	24	static
CAN_Driver.c:446:6:CAN_Driver_SetTestMode	16	static
CAN_Driver.c:470:6:CAN_Driver_Start	16	static
CAN_Driver.c:475:6:CAN_Driver_Release_Rx_MailBox	16	static
CAN_Driver.c:489:6:CAN_Driver_Clear_Request_Completed_Flag	16	static
CAN_Driver.c:509:7:CAN_Driver_Check_Message_Pending	24	static
CAN_Driver.c:543:6:CAN_Driver_Wait_for_Ready	16	static
CAN_Driver.c:577:6:CAN_Driver_Wake_Up	16	static
